Microchip MPLAB XC8 Compiler V2.45

Linker command line:

-W-3 \
  --edf=C:/Users/amido/.mchp_packs/Microchip/PIC18F-K_DFP/1.13.292/xc8\pic\dat\20231012153220_en.msgs \
  -cn -h+dist/default/production\Green_House.X.production.sym \
  --cmf=dist/default/production\Green_House.X.production.cmf -z -Q18F46K20 \
  -oC:\Users\amido\AppData\Local\Temp\xcAs1p5k.\driver_tmp_3.o \
  --defsym=__MPLAB_BUILD=1 --fixupoverflow=error \
  -Mdist/default/production/Green_House.X.production.map \
  --md=C:\Users\amido\AppData\Local\Temp\xcAs1p5k.\driver_tmp_0.dat -E1 \
  -ver=XC8 Compiler --acfsm=1493 -ACODE=00h-0FFFFh -ACONST=00h-0FFFFh \
  -ASMALLCONST=01000h-010FFhx240 -AMEDIUMCONST=01000h-0FFFFh \
  -ACOMRAM=01h-05Fh -AABS1=00h-0F5Fh -ABIGRAM=01h-0F5Fh \
  -ARAM=060h-0FFh,0100h-01FFhx14,0F00h-0F5Fh -ABANK0=060h-0FFh \
  -ABANK1=0100h-01FFh -ABANK2=0200h-02FFh -ABANK3=0300h-03FFh \
  -ABANK4=0400h-04FFh -ABANK5=0500h-05FFh -ABANK6=0600h-06FFh \
  -ABANK7=0700h-07FFh -ABANK8=0800h-08FFh -ABANK9=0900h-09FFh \
  -ABANK10=0A00h-0AFFh -ABANK11=0B00h-0BFFh -ABANK12=0C00h-0CFFh \
  -ABANK13=0D00h-0DFFh -ABANK14=0E00h-0EFFh -ABANK15=0F00h-0F5Fh \
  -ASFR=0F60h-0FFFh -ABIGSFR=0F60h-0FFFh -ACONFIG=0300000h-030000Dh \
  -AIDLOC=0200000h-0200007h -AEEDATA=0F00000h-0F003FFh -peeprom_data=EEDATA \
  -preset_vec=00h,intcode=08h,intcodelo,powerup,init -pramtop=01000h \
  -psmallconst=SMALLCONST -pmediumconst=MEDIUMCONST -pconst=CONST \
  -AFARRAM=00h-00h \
  -prdata=COMRAM,nvrram=COMRAM,nvbit=COMRAM,rbss=COMRAM,rbit=COMRAM \
  -pfarbss=FARRAM,fardata=FARRAM,nvFARRAM=FARRAM \
  -pintsave_regs=BIGRAM,bigbss=BIGRAM,bigdata=BIGRAM -pbss=RAM \
  -pidata=CODE,irdata=CODE,ibigdata=CODE,ifardata=CODE -prparam=COMRAM \
  C:\Users\amido\AppData\Local\Temp\xcAs1p5k.\driver_tmp_14.o \
  dist/default/production\Green_House.X.production.o 

Object code version is 3.11

Machine type is 18F46K20



                Name                               Link     Load   Length Selector   Space Scale
C:\Users\amido\AppData\Local\Temp\xcAs1p5k.\driver_tmp_14.o
                config                           300000   300000        E        0       4
                init                                15A      15A        4        4       0
                reset_vec                             0        0        4        0       0
dist/default/production\Green_House.X.production.o
                intcode                               8        8      152        4       0
                config                           300000   300000        E        0       4
                temp                                 44       44        1        1       1
                smallconst                         1000     1000       7C      800       0
                text112                            348A     348A        2      83E       0
                text111                            3056     3056       2E      83E       0
                text110                            3160     3160       26      83E       0
                text109                            3448     3448        6      83E       0
                text108                            3488     3488        2      83E       0
                text107                            3442     3442        6      83E       0
                text106                            2296     2296       AA      83E       0
                text105                            2EA8     2EA8       3C      83E       0
                text104                            3482     3482        4      83E       0
                text103                            347E     347E        4      83E       0
                text102                            31CE     31CE       24      83E       0
                text101                            2BF6     2BF6       66      83E       0
                text100                            32D4     32D4       18      83E       0
                text99                             3134     3134       2C      83E       0
                text98                             3108     3108       2C      83E       0
                text97                             30DC     30DC       2C      83E       0
                text96                             30B0     30B0       2C      83E       0
                text95                             2DE6     2DE6       42      83E       0
                text94                             347A     347A        4      83E       0
                text93                             3476     3476        4      83E       0
                text92                             3472     3472        4      83E       0
                text91                             343C     343C        6      83E       0
                text90                             346E     346E        4      83E       0
                text89                             3436     3436        6      83E       0
                text88                             3428     3428        8      83E       0
                text87                             3340     3340       14      83E       0
                text86                             346A     346A        4      83E       0
                text85                             280C     280C       7C      83E       0
                text84                             338C     338C        C      83E       0
                text83                             3364     3364       10      83E       0
                text82                             3354     3354       10      83E       0
                text81                             2068     2068       C4      83E       0
                text80                             23E8     23E8       A6      83E       0
                text79                             3380     3380        C      83E       0
                text78                             3420     3420        8      83E       0
                text77                             3418     3418        8      83E       0
                text76                             3410     3410        8      83E       0
                text75                             3408     3408        8      83E       0
                text74                             3400     3400        8      83E       0
                text73                             33F8     33F8        8      83E       0
                text72                             33F0     33F0        8      83E       0
                text71                             3374     3374        C      83E       0
                text70                             2B90     2B90       66      83E       0
                text69                             3466     3466        4      83E       0
                text68                             2A50     2A50       6E      83E       0
                text67                             3430     3430        6      83E       0
                text65                             2EE4     2EE4       3A      83E       0
                text64                             153E     153E      42C      83E       0
                text63                             107C     107C      4C2      83E       0
                text62                             2D5A     2D5A       48      83E       0
                text61                             1E98     1E98      10C      83E       0
                text60                             1B32     1B32      1B8      83E       0
                text59                             2340     2340       A8      83E       0
                text58                             3462     3462        4      83E       0
                text57                             345E     345E        4      83E       0
                text56                             345A     345A        4      83E       0
                text55                             3084     3084       2C      83E       0
                text54                             3456     3456        4      83E       0
                text53                             2E68     2E68       40      83E       0
                text52                             33E8     33E8        8      83E       0
                text51                             3452     3452        4      83E       0
                text50                             3214     3214       22      83E       0
                text49                             33DE     33DE        A      83E       0
                text48                             248E     248E       9E      83E       0
                text47                             2B2A     2B2A       66      83E       0
                text46                             32BC     32BC       18      83E       0
                text45                             31AA     31AA       24      83E       0
                text44                             32A4     32A4       18      83E       0
                text43                             29E0     29E0       70      83E       0
                text42                             328C     328C       18      83E       0
                text41                             33D4     33D4        A      83E       0
                text40                             3186     3186       24      83E       0
                text39                             33CA     33CA        A      83E       0
                text38                             33C0     33C0        A      83E       0
                text37                             33B6     33B6        A      83E       0
                text36                             33AC     33AC        A      83E       0
                text35                             33A2     33A2        A      83E       0
                text34                             28FC     28FC       74      83E       0
                text33                             332C     332C       14      83E       0
                text32                             344E     344E        4      83E       0
                text31                             3398     3398        A      83E       0
                text30                             2FF4     2FF4       32      83E       0
                text29                             3302     3302       16      83E       0
                text28                             2970     2970       70      83E       0
                text27                             3270     3270       1C      83E       0
                text26                             2C5C     2C5C       60      83E       0
                text25                             3236     3236       1E      83E       0
                text24                             3026     3026       30      83E       0
                text23                             1FA4     1FA4       C4      83E       0
                text22                             21E6     21E6       B0      83E       0
                text21                             2FC0     2FC0       34      83E       0
                text20                             3486     3486        2      83E       0
                text19                             212C     212C       BA      83E       0
                text18                             196A     196A      1C8      83E       0
                text17                             2DA2     2DA2       44      83E       0
                text16                             2E28     2E28       40      83E       0
                text15                             25C6     25C6       98      83E       0
                text14                             2888     2888       74      83E       0
                text13                             3254     3254       1C      83E       0
                text12                             3318     3318       14      83E       0
                text11                             2ABE     2ABE       6C      83E       0
                text10                             2F8A     2F8A       36      83E       0
                text9                              2CBC     2CBC       52      83E       0
                text8                              2D0E     2D0E       4C      83E       0
                text7                              2780     2780       8C      83E       0
                text6                              2F54     2F54       36      83E       0
                text5                              26F4     26F4       8C      83E       0
                text4                              2F1E     2F1E       36      83E       0
                text3                              265E     265E       96      83E       0
                text2                              252C     252C       9A      83E       0
                text1                              32EC     32EC       16      83E       0
                text0                              1CEA     1CEA      1AE      83E       0
                cstackCOMRAM                          1        1       27        1       1
                cstackBANK0                          D7       D7       21       60       1
                cstackBANK1                         100      100       15      100       1
                bssBANK0                             60       60       77       60       1
                bssCOMRAM                            28       28       18        1       1
                cinit                              31F2     31F2       22      83E       0
                nvBANK0                              F8       F8        8       60       1
                nvCOMRAM                             40       40        4        1       1

TOTAL           Name                               Link     Load   Length     Space
        CLASS   CODE           
                intcode                               8        8      152         0
                init                                15A      15A        4         0
                reset_vec                             0        0        4         0
                text112                            348A     348A        2         0
                text111                            3056     3056       2E         0
                text110                            3160     3160       26         0
                text109                            3448     3448        6         0
                text108                            3488     3488        2         0
                text107                            3442     3442        6         0
                text106                            2296     2296       AA         0
                text105                            2EA8     2EA8       3C         0
                text104                            3482     3482        4         0
                text103                            347E     347E        4         0
                text102                            31CE     31CE       24         0
                text101                            2BF6     2BF6       66         0
                text100                            32D4     32D4       18         0
                text99                             3134     3134       2C         0
                text98                             3108     3108       2C         0
                text97                             30DC     30DC       2C         0
                text96                             30B0     30B0       2C         0
                text95                             2DE6     2DE6       42         0
                text94                             347A     347A        4         0
                text93                             3476     3476        4         0
                text92                             3472     3472        4         0
                text91                             343C     343C        6         0
                text90                             346E     346E        4         0
                text89                             3436     3436        6         0
                text88                             3428     3428        8         0
                text87                             3340     3340       14         0
                text86                             346A     346A        4         0
                text85                             280C     280C       7C         0
                text84                             338C     338C        C         0
                text83                             3364     3364       10         0
                text82                             3354     3354       10         0
                text81                             2068     2068       C4         0
                text80                             23E8     23E8       A6         0
                text79                             3380     3380        C         0
                text78                             3420     3420        8         0
                text77                             3418     3418        8         0
                text76                             3410     3410        8         0
                text75                             3408     3408        8         0
                text74                             3400     3400        8         0
                text73                             33F8     33F8        8         0
                text72                             33F0     33F0        8         0
                text71                             3374     3374        C         0
                text70                             2B90     2B90       66         0
                text69                             3466     3466        4         0
                text68                             2A50     2A50       6E         0
                text67                             3430     3430        6         0
                text65                             2EE4     2EE4       3A         0
                text64                             153E     153E      42C         0
                text63                             107C     107C      4C2         0
                text62                             2D5A     2D5A       48         0
                text61                             1E98     1E98      10C         0
                text60                             1B32     1B32      1B8         0
                text59                             2340     2340       A8         0
                text58                             3462     3462        4         0
                text57                             345E     345E        4         0
                text56                             345A     345A        4         0
                text55                             3084     3084       2C         0
                text54                             3456     3456        4         0
                text53                             2E68     2E68       40         0
                text52                             33E8     33E8        8         0
                text51                             3452     3452        4         0
                text50                             3214     3214       22         0
                text49                             33DE     33DE        A         0
                text48                             248E     248E       9E         0
                text47                             2B2A     2B2A       66         0
                text46                             32BC     32BC       18         0
                text45                             31AA     31AA       24         0
                text44                             32A4     32A4       18         0
                text43                             29E0     29E0       70         0
                text42                             328C     328C       18         0
                text41                             33D4     33D4        A         0
                text40                             3186     3186       24         0
                text39                             33CA     33CA        A         0
                text38                             33C0     33C0        A         0
                text37                             33B6     33B6        A         0
                text36                             33AC     33AC        A         0
                text35                             33A2     33A2        A         0
                text34                             28FC     28FC       74         0
                text33                             332C     332C       14         0
                text32                             344E     344E        4         0
                text31                             3398     3398        A         0
                text30                             2FF4     2FF4       32         0
                text29                             3302     3302       16         0
                text28                             2970     2970       70         0
                text27                             3270     3270       1C         0
                text26                             2C5C     2C5C       60         0
                text25                             3236     3236       1E         0
                text24                             3026     3026       30         0
                text23                             1FA4     1FA4       C4         0
                text22                             21E6     21E6       B0         0
                text21                             2FC0     2FC0       34         0
                text20                             3486     3486        2         0
                text19                             212C     212C       BA         0
                text18                             196A     196A      1C8         0
                text17                             2DA2     2DA2       44         0
                text16                             2E28     2E28       40         0
                text15                             25C6     25C6       98         0
                text14                             2888     2888       74         0
                text13                             3254     3254       1C         0
                text12                             3318     3318       14         0
                text11                             2ABE     2ABE       6C         0
                text10                             2F8A     2F8A       36         0
                text9                              2CBC     2CBC       52         0
                text8                              2D0E     2D0E       4C         0
                text7                              2780     2780       8C         0
                text6                              2F54     2F54       36         0
                text5                              26F4     26F4       8C         0
                text4                              2F1E     2F1E       36         0
                text3                              265E     265E       96         0
                text2                              252C     252C       9A         0
                text1                              32EC     32EC       16         0
                text0                              1CEA     1CEA      1AE         0
                cinit                              31F2     31F2       22         0

        CLASS   CONST          

        CLASS   SMALLCONST     
                smallconst                         1000     1000       7C         0

        CLASS   MEDIUMCONST    

        CLASS   COMRAM         
                temp                                 44       44        1         1
                cstackCOMRAM                          1        1       27         1
                bssCOMRAM                            28       28       18         1
                nvCOMRAM                             40       40        4         1

        CLASS   ABS1           

        CLASS   BIGRAM         

        CLASS   RAM            

        CLASS   BANK0          
                cstackBANK0                          D7       D7       21         1
                bssBANK0                             60       60       77         1
                nvBANK0                              F8       F8        8         1

        CLASS   BANK1          
                cstackBANK1                         100      100       15         1

        CLASS   BANK2          

        CLASS   BANK3          

        CLASS   BANK4          

        CLASS   BANK5          

        CLASS   BANK6          

        CLASS   BANK7          

        CLASS   BANK8          

        CLASS   BANK9          

        CLASS   BANK10         

        CLASS   BANK11         

        CLASS   BANK12         

        CLASS   BANK13         

        CLASS   BANK14         

        CLASS   BANK15         

        CLASS   SFR            

        CLASS   BIGSFR         

        CLASS   CONFIG         
                config                           300000   300000        E         4

        CLASS   IDLOC          

        CLASS   EEDATA         

        CLASS   FARRAM         

        CLASS   HEAP           

        CLASS   STACK          



SEGMENTS        Name                           Load    Length   Top    Selector   Space  Class

                reset_vec                      000000  000004  000004         0       0  CODE    
                cstackCOMRAM                   000001  000044  000045         1       1  COMRAM  
                intcode                        000008  000156  00015E         4       0  CODE    
                bssBANK0                       000060  0000A0  000100        60       1  BANK0   
                cstackBANK1                    000100  000015  000115       100       1  BANK1   
                smallconst                     001000  00007C  00107C       800       0  SMALLCON
                text63                         00107C  002410  00348C       83E       0  CODE    


UNUSED ADDRESS RANGES

        Name                Unused          Largest block    Delta
        BANK1            000115-0001FF               EB
        BANK10           000A00-000AFF              100
        BANK11           000B00-000BFF              100
        BANK12           000C00-000CFF              100
        BANK13           000D00-000DFF              100
        BANK14           000E00-000EFF              100
        BANK15           000F00-000F5F               60
        BANK2            000200-0002FF              100
        BANK3            000300-0003FF              100
        BANK4            000400-0004FF              100
        BANK5            000500-0005FF              100
        BANK6            000600-0006FF              100
        BANK7            000700-0007FF              100
        BANK8            000800-0008FF              100
        BANK9            000900-0009FF              100
        BIGRAM           000045-00005F               1B
                         000115-000F5F              E4B
        BIGSFR           000F60-000FFF               A0
        CODE             000004-000007                4
                         00015E-000FFF              EA2
                         00348C-00FFFF             CB74
        COMRAM           000045-00005F               1B
        CONST            000004-000007                4
                         00015E-000FFF              EA2
                         00348C-00FFFF             CB74
        EEDATA           F00000-F003FF              400
        IDLOC            200000-200007                8
        MEDIUMCONST      00348C-00FFFF             CB74
        RAM              000115-000F5F              100
        SFR              000F60-000FFF               A0
        SMALLCONST       00348C-00FFFF              100

                                  Symbol Table

?_ADC_GetConversion                            cstackCOMRAM 00001C
?_LDR_reading                                  cstackBANK1  00010C
?___awdiv                                      cstackCOMRAM 00001C
?___awmod                                      cstackCOMRAM 00001C
?___fladd                                      cstackCOMRAM 00001C
?___flmul                                      cstackBANK0  0000DD
?___flsub                                      cstackBANK1  000100
?___fltol                                      cstackBANK0  0000F2
?___xxtofl                                     cstackCOMRAM 00001C
?_abs                                          cstackCOMRAM 000022
?_read_HS1101_moist_percent                    cstackBANK1  00010C
?_sprintf                                      cstackBANK0  0000E4
?_vfprintf                                     cstackBANK0  0000E1
ADC_GetConversion@channel                      cstackCOMRAM 000020
ADC_SetInterruptHandler@InterruptHandler       cstackCOMRAM 00001C
EUSART_SetErrorHandler@interruptHandler        cstackCOMRAM 00001C
EUSART_SetFramingErrorHandler@interruptHandler cstackCOMRAM 00001C
EUSART_SetOverrunErrorHandler@interruptHandler cstackCOMRAM 00001C
EUSART_SetRxInterruptHandler@interruptHandler  cstackCOMRAM 00001C
EUSART_SetTxInterruptHandler@interruptHandler  cstackCOMRAM 00001C
EUSART_Write@txData                            cstackCOMRAM 00001C
I2C_CallbackReturnReset@funPtr                 cstackCOMRAM 00000A
I2C_Close@returnValue                          cstackCOMRAM 00001C
I2C_MasterOperation@read                       cstackCOMRAM 00001C
I2C_MasterOperation@returnValue                cstackCOMRAM 00001D
I2C_MasterSendTxData@data                      cstackCOMRAM 000001
I2C_Open@address                               cstackCOMRAM 00001E
I2C_Open@returnValue                           cstackCOMRAM 00001F
I2C_Read1ByteRegister@address                  cstackCOMRAM 000026
I2C_Read1ByteRegister@reg                      cstackCOMRAM 000025
I2C_Read1ByteRegister@returnValue              cstackCOMRAM 000027
I2C_SetAddressNackCallback@cb                  cstackCOMRAM 000021
I2C_SetAddressNackCallback@ptr                 cstackCOMRAM 000023
I2C_SetBuffer@buffer                           cstackCOMRAM 00001C
I2C_SetBuffer@bufferSize                       cstackCOMRAM 00001E
I2C_SetCallback@cb                             cstackCOMRAM 00001C
I2C_SetCallback@idx                            cstackCOMRAM 000020
I2C_SetCallback@ptr                            cstackCOMRAM 00001E
I2C_SetDataCompleteCallback@cb                 cstackCOMRAM 000021
I2C_SetDataCompleteCallback@ptr                cstackCOMRAM 000023
I2C_SetInterruptHandler@InterruptHandler       cstackCOMRAM 00001C
LDR_reading@AN_channel                         cstackBANK1  000110
LDR_reading@bright                             cstackBANK1  000111
Read_TC74@address                              cstackBANK0  0000D7
Read_TC74@value                                cstackBANK0  0000D8
Send_String@l_String_Length                    cstackCOMRAM 000020
Send_String@length                             cstackCOMRAM 00001F
Send_String@str                                cstackCOMRAM 00001D
_ADCON0                                        (abs)        000FC2
_ADCON0bits                                    (abs)        000FC2
_ADCON1                                        (abs)        000FC1
_ADCON2                                        (abs)        000FC0
_ADC_DefaultInterruptHandler                   text112      00348A
_ADC_GetConversion                             text65       002EE4
_ADC_ISR                                       text111      003056
_ADC_Initialize                                text40       003186
_ADC_InterruptHandler                          nvCOMRAM     000040
_ADC_SetInterruptHandler                       text41       0033D4
_ADRESH                                        (abs)        000FC4
_ADRESL                                        (abs)        000FC3
_ANSEL                                         (abs)        000F7E
_ANSELH                                        (abs)        000F7F
_BAUDCON                                       (abs)        000FB8
_EUSART_DefaultErrorHandler                    text109      003448
_EUSART_DefaultFramingErrorHandler             text108      003488
_EUSART_DefaultOverrunErrorHandler             text107      003442
_EUSART_ErrorHandler                           nvBANK0      0000F8
_EUSART_FramingErrorHandler                    nvBANK0      0000FC
_EUSART_Initialize                             text34       0028FC
_EUSART_OverrunErrorHandler                    nvBANK0      0000FA
_EUSART_Receive_ISR                            text106      002296
_EUSART_RxDataHandler                          text110      003160
_EUSART_RxDefaultInterruptHandler              nvBANK0      0000FE
_EUSART_SetErrorHandler                        text39       0033CA
_EUSART_SetFramingErrorHandler                 text38       0033C0
_EUSART_SetOverrunErrorHandler                 text37       0033B6
_EUSART_SetRxInterruptHandler                  text36       0033AC
_EUSART_SetTxInterruptHandler                  text35       0033A2
_EUSART_Transmit_ISR                           text105      002EA8
_EUSART_TxDefaultInterruptHandler              nvCOMRAM     000042
_EUSART_Write                                  text9        002CBC
_I2C_CallbackReturnReset                       text93       003476
_I2C_CallbackReturnStop                        text94       00347A
_I2C_Close                                     text55       003084
_I2C_DO_ADDRESS_NACK                           text70       002B90
_I2C_DO_IDLE                                   text84       00338C
_I2C_DO_RCEN                                   text79       003380
_I2C_DO_RESET                                  text71       003374
_I2C_DO_RX                                     text80       0023E8
_I2C_DO_RX_ACK                                 text74       003400
_I2C_DO_RX_NACK_RESTART                        text72       0033F0
_I2C_DO_RX_NACK_STOP                           text73       0033F8
_I2C_DO_SEND_ADR_READ                          text83       003364
_I2C_DO_SEND_ADR_WRITE                         text82       003354
_I2C_DO_SEND_RESTART                           text76       003410
_I2C_DO_SEND_RESTART_READ                      text78       003420
_I2C_DO_SEND_RESTART_WRITE                     text77       003418
_I2C_DO_SEND_STOP                              text75       003408
_I2C_DO_TX                                     text81       002068
_I2C_DO_TX_EMPTY                               text85       00280C
_I2C_Initialize                                text33       00332C
_I2C_MasterClearIrq                            text58       003462
_I2C_MasterClose                               text57       00345E
_I2C_MasterDisableIrq                          text56       00345A
_I2C_MasterEnableIrq                           text51       003452
_I2C_MasterEnableRestart                       text104      003482
_I2C_MasterFsm                                 text68       002A50
_I2C_MasterGetRxData                           text90       00346E
_I2C_MasterIsNack                              text87       003340
_I2C_MasterIsr                                 text67       003430
_I2C_MasterOpen                                text50       003214
_I2C_MasterOperation                           text53       002E68
_I2C_MasterSendAck                             text89       003436
_I2C_MasterSendNack                            text91       00343C
_I2C_MasterSendTxData                          text88       003428
_I2C_MasterSetIrq                              text86       00346A
_I2C_MasterStart                               text54       003456
_I2C_MasterStartRx                             text92       003472
_I2C_MasterStop                                text103      00347E
_I2C_MasterWrite                               text52       0033E8
_I2C_Open                                      text48       00248E
_I2C_Read1ByteRegister                         text43       0029E0
_I2C_SetAddressNackCallback                    text46       0032BC
_I2C_SetBuffer                                 text45       0031AA
_I2C_SetCallback                               text47       002B2A
_I2C_SetDataCompleteCallback                   text44       0032A4
_I2C_SetInterruptHandler                       text49       0033DE
_I2C_Status                                    bssBANK0     000060
_INTCON2bits                                   (abs)        000FF1
_INTCONbits                                    (abs)        000FF2
_INTERRUPT_Initialize                          text32       00344E
_INTERRUPT_InterruptManager                    intcode      000008
_LATA                                          (abs)        000F89
_LATB                                          (abs)        000F8A
_LATC                                          (abs)        000F8B
_LATCbits                                      (abs)        000F8B
_LATD                                          (abs)        000F8C
_LATDbits                                      (abs)        000F8C
_LATE                                          (abs)        000F8D
_LDR_reading                                   text59       002340
_MSSP_InterruptHandler                         bssCOMRAM    00002C
_OSCCON                                        (abs)        000FD3
_OSCILLATOR_Initialize                         text31       003398
_OSCTUNE                                       (abs)        000F9B
_PIE1bits                                      (abs)        000F9D
_PIE2bits                                      (abs)        000FA0
_PIN_MANAGER_Initialize                        text30       002FF4
_PIR1bits                                      (abs)        000F9E
_PIR2bits                                      (abs)        000FA1
_RCONbits                                      (abs)        000FD0
_RCREG                                         (abs)        000FAE
_RCSTA                                         (abs)        000FAB
_RCSTAbits                                     (abs)        000FAB
_Read_TC74                                     text42       00328C
_SPBRG                                         (abs)        000FAF
_SPBRGH                                        (abs)        000FB0
_SSPADD                                        (abs)        000FC8
_SSPBUF                                        (abs)        000FC9
_SSPCON1                                       (abs)        000FC6
_SSPCON1bits                                   (abs)        000FC6
_SSPCON2                                       (abs)        000FC5
_SSPCON2bits                                   (abs)        000FC5
_SSPSTAT                                       (abs)        000FC7
_SSPSTATbits                                   (abs)        000FC7
_SYSTEM_Initialize                             text25       003236
_Send_String                                   text8        002D0E
_TRISA                                         (abs)        000F92
_TRISB                                         (abs)        000F93
_TRISC                                         (abs)        000F94
_TRISD                                         (abs)        000F95
_TRISE                                         (abs)        000F96
_TXREG                                         (abs)        000FAD
_TXSTA                                         (abs)        000FAC
_TXSTAbits                                     (abs)        000FAC
_WPUB                                          (abs)        000F7C
__HRAM                                         (abs)        000000
__H__absolute__                                __absolute__ 000000
__Habs1                                        abs1         000000
__Hbank0                                       bank0        000000
__Hbank1                                       bank1        000000
__Hbank10                                      bank10       000000
__Hbank11                                      bank11       000000
__Hbank12                                      bank12       000000
__Hbank13                                      bank13       000000
__Hbank14                                      bank14       000000
__Hbank15                                      bank15       000000
__Hbank2                                       bank2        000000
__Hbank3                                       bank3        000000
__Hbank4                                       bank4        000000
__Hbank5                                       bank5        000000
__Hbank6                                       bank6        000000
__Hbank7                                       bank7        000000
__Hbank8                                       bank8        000000
__Hbank9                                       bank9        000000
__Hbigbss                                      bigbss       000000
__Hbigdata                                     bigdata      000000
__Hbigram                                      bigram       000000
__Hbigsfr                                      bigsfr       000000
__Hbss                                         bss          000000
__HbssBANK0                                    bssBANK0     000000
__HbssCOMRAM                                   bssCOMRAM    000000
__Hcinit                                       cinit        000000
__Hclrtext                                     clrtext      000000
__Hcomram                                      comram       000000
__Hconfig                                      config       30000E
__Hconst                                       const        000000
__HcstackBANK0                                 cstackBANK0  000000
__HcstackBANK1                                 cstackBANK1  000000
__HcstackCOMRAM                                cstackCOMRAM 000000
__Hdata                                        data         000000
__Heeprom_data                                 eeprom_data  000000
__Hfarbss                                      farbss       000000
__Hfardata                                     fardata      000000
__Hheap                                        heap         000000
__Hibigdata                                    ibigdata     000000
__Hidata                                       idata        000000
__Hidloc                                       idloc        000000
__Hifardata                                    ifardata     000000
__Hinit                                        init         00015E
__Hintcode                                     intcode      00015A
__Hintcode_body                                intcode_body 000000
__Hintcodelo                                   intcodelo    00015A
__Hintentry                                    intentry     000000
__Hintret                                      intret       000000
__Hintsave_regs                                intsave_regs 000000
__Hirdata                                      irdata       000000
__Hmediumconst                                 mediumconst  000000
__HnvBANK0                                     nvBANK0      000000
__HnvCOMRAM                                    nvCOMRAM     000000
__HnvFARRAM                                    nvFARRAM     000000
__Hnvbit                                       nvbit        000000
__Hnvrram                                      nvrram       000000
__Hparam                                       rparam       000000
__Hpowerup                                     powerup      00015A
__Hram                                         ram          000000
__Hramtop                                      ramtop       001000
__Hrbit                                        rbit         000000
__Hrbss                                        rbss         000000
__Hrdata                                       rdata        000000
__Hreset_vec                                   reset_vec    000004
__Hrparam                                      rparam       000000
__Hsfr                                         sfr          000000
__Hsmallconst                                  smallconst   00107C
__Hspace_0                                     (abs)        00348C
__Hspace_1                                     (abs)        000115
__Hspace_2                                     (abs)        000000
__Hspace_4                                     (abs)        60000E
__Hstack                                       stack        000000
__Hstruct                                      struct       000000
__Htemp                                        temp         000045
__Htext                                        text         000000
__Htext0                                       text0        000000
__Htext1                                       text1        000000
__Htext10                                      text10       000000
__Htext100                                     text100      000000
__Htext101                                     text101      000000
__Htext102                                     text102      000000
__Htext103                                     text103      000000
__Htext104                                     text104      000000
__Htext105                                     text105      000000
__Htext106                                     text106      000000
__Htext107                                     text107      000000
__Htext108                                     text108      000000
__Htext109                                     text109      000000
__Htext11                                      text11       000000
__Htext110                                     text110      000000
__Htext111                                     text111      000000
__Htext112                                     text112      000000
__Htext113                                     text113      000000
__Htext12                                      text12       000000
__Htext13                                      text13       000000
__Htext14                                      text14       000000
__Htext15                                      text15       000000
__Htext16                                      text16       000000
__Htext17                                      text17       000000
__Htext18                                      text18       000000
__Htext19                                      text19       000000
__Htext2                                       text2        000000
__Htext20                                      text20       000000
__Htext21                                      text21       000000
__Htext22                                      text22       000000
__Htext23                                      text23       000000
__Htext24                                      text24       000000
__Htext25                                      text25       000000
__Htext26                                      text26       000000
__Htext27                                      text27       000000
__Htext28                                      text28       000000
__Htext29                                      text29       000000
__Htext3                                       text3        000000
__Htext30                                      text30       000000
__Htext31                                      text31       000000
__Htext32                                      text32       000000
__Htext33                                      text33       000000
__Htext34                                      text34       000000
__Htext35                                      text35       000000
__Htext36                                      text36       000000
__Htext37                                      text37       000000
__Htext38                                      text38       000000
__Htext39                                      text39       000000
__Htext4                                       text4        000000
__Htext40                                      text40       000000
__Htext41                                      text41       000000
__Htext42                                      text42       000000
__Htext43                                      text43       000000
__Htext44                                      text44       000000
__Htext45                                      text45       000000
__Htext46                                      text46       000000
__Htext47                                      text47       000000
__Htext48                                      text48       000000
__Htext49                                      text49       000000
__Htext5                                       text5        000000
__Htext50                                      text50       000000
__Htext51                                      text51       000000
__Htext52                                      text52       000000
__Htext53                                      text53       000000
__Htext54                                      text54       000000
__Htext55                                      text55       000000
__Htext56                                      text56       000000
__Htext57                                      text57       000000
__Htext58                                      text58       000000
__Htext59                                      text59       000000
__Htext6                                       text6        000000
__Htext60                                      text60       000000
__Htext61                                      text61       000000
__Htext62                                      text62       000000
__Htext63                                      text63       000000
__Htext64                                      text64       000000
__Htext65                                      text65       000000
__Htext67                                      text67       000000
__Htext68                                      text68       000000
__Htext69                                      text69       000000
__Htext7                                       text7        000000
__Htext70                                      text70       000000
__Htext71                                      text71       000000
__Htext72                                      text72       000000
__Htext73                                      text73       000000
__Htext74                                      text74       000000
__Htext75                                      text75       000000
__Htext76                                      text76       000000
__Htext77                                      text77       000000
__Htext78                                      text78       000000
__Htext79                                      text79       000000
__Htext8                                       text8        000000
__Htext80                                      text80       000000
__Htext81                                      text81       000000
__Htext82                                      text82       000000
__Htext83                                      text83       000000
__Htext84                                      text84       000000
__Htext85                                      text85       000000
__Htext86                                      text86       000000
__Htext87                                      text87       000000
__Htext88                                      text88       000000
__Htext89                                      text89       000000
__Htext9                                       text9        000000
__Htext90                                      text90       000000
__Htext91                                      text91       000000
__Htext92                                      text92       000000
__Htext93                                      text93       000000
__Htext94                                      text94       000000
__Htext95                                      text95       000000
__Htext96                                      text96       000000
__Htext97                                      text97       000000
__Htext98                                      text98       000000
__Htext99                                      text99       000000
__LRAM                                         (abs)        000001
__L__absolute__                                __absolute__ 000000
__Labs1                                        abs1         000000
__Lbank0                                       bank0        000000
__Lbank1                                       bank1        000000
__Lbank10                                      bank10       000000
__Lbank11                                      bank11       000000
__Lbank12                                      bank12       000000
__Lbank13                                      bank13       000000
__Lbank14                                      bank14       000000
__Lbank15                                      bank15       000000
__Lbank2                                       bank2        000000
__Lbank3                                       bank3        000000
__Lbank4                                       bank4        000000
__Lbank5                                       bank5        000000
__Lbank6                                       bank6        000000
__Lbank7                                       bank7        000000
__Lbank8                                       bank8        000000
__Lbank9                                       bank9        000000
__Lbigbss                                      bigbss       000000
__Lbigdata                                     bigdata      000000
__Lbigram                                      bigram       000000
__Lbigsfr                                      bigsfr       000000
__Lbss                                         bss          000000
__LbssBANK0                                    bssBANK0     000000
__LbssCOMRAM                                   bssCOMRAM    000000
__Lcinit                                       cinit        000000
__Lclrtext                                     clrtext      000000
__Lcomram                                      comram       000000
__Lconfig                                      config       000000
__Lconst                                       const        000000
__LcstackBANK0                                 cstackBANK0  000000
__LcstackBANK1                                 cstackBANK1  000000
__LcstackCOMRAM                                cstackCOMRAM 000000
__Ldata                                        data         000000
__Leeprom_data                                 eeprom_data  000000
__Lfarbss                                      farbss       000000
__Lfardata                                     fardata      000000
__Lheap                                        heap         000000
__Libigdata                                    ibigdata     000000
__Lidata                                       idata        000000
__Lidloc                                       idloc        000000
__Lifardata                                    ifardata     000000
__Linit                                        init         00015A
__Lintcode                                     intcode      000008
__Lintcode_body                                intcode_body 000000
__Lintcodelo                                   intcodelo    00015A
__Lintentry                                    intentry     000000
__Lintret                                      intret       000000
__Lintsave_regs                                intsave_regs 000000
__Lirdata                                      irdata       000000
__Lmediumconst                                 mediumconst  000000
__LnvBANK0                                     nvBANK0      000000
__LnvCOMRAM                                    nvCOMRAM     000000
__LnvFARRAM                                    nvFARRAM     000000
__Lnvbit                                       nvbit        000000
__Lnvrram                                      nvrram       000000
__Lparam                                       rparam       000000
__Lpowerup                                     powerup      00015A
__Lram                                         ram          000000
__Lramtop                                      ramtop       001000
__Lrbit                                        rbit         000000
__Lrbss                                        rbss         000000
__Lrdata                                       rdata        000000
__Lreset_vec                                   reset_vec    000000
__Lrparam                                      rparam       000000
__Lsfr                                         sfr          000000
__Lsmallconst                                  smallconst   001000
__Lspace_0                                     (abs)        000000
__Lspace_1                                     (abs)        000000
__Lspace_2                                     (abs)        000000
__Lspace_4                                     (abs)        000000
__Lstack                                       stack        000000
__Lstruct                                      struct       000000
__Ltemp                                        temp         000044
__Ltext                                        text         000000
__Ltext0                                       text0        000000
__Ltext1                                       text1        000000
__Ltext10                                      text10       000000
__Ltext100                                     text100      000000
__Ltext101                                     text101      000000
__Ltext102                                     text102      000000
__Ltext103                                     text103      000000
__Ltext104                                     text104      000000
__Ltext105                                     text105      000000
__Ltext106                                     text106      000000
__Ltext107                                     text107      000000
__Ltext108                                     text108      000000
__Ltext109                                     text109      000000
__Ltext11                                      text11       000000
__Ltext110                                     text110      000000
__Ltext111                                     text111      000000
__Ltext112                                     text112      000000
__Ltext113                                     text113      000000
__Ltext12                                      text12       000000
__Ltext13                                      text13       000000
__Ltext14                                      text14       000000
__Ltext15                                      text15       000000
__Ltext16                                      text16       000000
__Ltext17                                      text17       000000
__Ltext18                                      text18       000000
__Ltext19                                      text19       000000
__Ltext2                                       text2        000000
__Ltext20                                      text20       000000
__Ltext21                                      text21       000000
__Ltext22                                      text22       000000
__Ltext23                                      text23       000000
__Ltext24                                      text24       000000
__Ltext25                                      text25       000000
__Ltext26                                      text26       000000
__Ltext27                                      text27       000000
__Ltext28                                      text28       000000
__Ltext29                                      text29       000000
__Ltext3                                       text3        000000
__Ltext30                                      text30       000000
__Ltext31                                      text31       000000
__Ltext32                                      text32       000000
__Ltext33                                      text33       000000
__Ltext34                                      text34       000000
__Ltext35                                      text35       000000
__Ltext36                                      text36       000000
__Ltext37                                      text37       000000
__Ltext38                                      text38       000000
__Ltext39                                      text39       000000
__Ltext4                                       text4        000000
__Ltext40                                      text40       000000
__Ltext41                                      text41       000000
__Ltext42                                      text42       000000
__Ltext43                                      text43       000000
__Ltext44                                      text44       000000
__Ltext45                                      text45       000000
__Ltext46                                      text46       000000
__Ltext47                                      text47       000000
__Ltext48                                      text48       000000
__Ltext49                                      text49       000000
__Ltext5                                       text5        000000
__Ltext50                                      text50       000000
__Ltext51                                      text51       000000
__Ltext52                                      text52       000000
__Ltext53                                      text53       000000
__Ltext54                                      text54       000000
__Ltext55                                      text55       000000
__Ltext56                                      text56       000000
__Ltext57                                      text57       000000
__Ltext58                                      text58       000000
__Ltext59                                      text59       000000
__Ltext6                                       text6        000000
__Ltext60                                      text60       000000
__Ltext61                                      text61       000000
__Ltext62                                      text62       000000
__Ltext63                                      text63       000000
__Ltext64                                      text64       000000
__Ltext65                                      text65       000000
__Ltext67                                      text67       000000
__Ltext68                                      text68       000000
__Ltext69                                      text69       000000
__Ltext7                                       text7        000000
__Ltext70                                      text70       000000
__Ltext71                                      text71       000000
__Ltext72                                      text72       000000
__Ltext73                                      text73       000000
__Ltext74                                      text74       000000
__Ltext75                                      text75       000000
__Ltext76                                      text76       000000
__Ltext77                                      text77       000000
__Ltext78                                      text78       000000
__Ltext79                                      text79       000000
__Ltext8                                       text8        000000
__Ltext80                                      text80       000000
__Ltext81                                      text81       000000
__Ltext82                                      text82       000000
__Ltext83                                      text83       000000
__Ltext84                                      text84       000000
__Ltext85                                      text85       000000
__Ltext86                                      text86       000000
__Ltext87                                      text87       000000
__Ltext88                                      text88       000000
__Ltext89                                      text89       000000
__Ltext9                                       text9        000000
__Ltext90                                      text90       000000
__Ltext91                                      text91       000000
__Ltext92                                      text92       000000
__Ltext93                                      text93       000000
__Ltext94                                      text94       000000
__Ltext95                                      text95       000000
__Ltext96                                      text96       000000
__Ltext97                                      text97       000000
__Ltext98                                      text98       000000
__Ltext99                                      text99       000000
__S0                                           (abs)        00348C
__S1                                           (abs)        000115
__S4                                           (abs)        000000
__S5                                           (abs)        000000
___awdiv                                       text23       001FA4
___awdiv@counter                               cstackCOMRAM 000020
___awdiv@dividend                              cstackCOMRAM 00001C
___awdiv@divisor                               cstackCOMRAM 00001E
___awdiv@quotient                              cstackCOMRAM 000022
___awdiv@sign                                  cstackCOMRAM 000021
___awmod                                       text22       0021E6
___awmod@counter                               cstackCOMRAM 000020
___awmod@dividend                              cstackCOMRAM 00001C
___awmod@divisor                               cstackCOMRAM 00001E
___awmod@sign                                  cstackCOMRAM 000021
___fladd                                       text63       00107C
___fladd@a                                     cstackCOMRAM 000020
___fladd@aexp                                  cstackBANK0  0000D8
___fladd@b                                     cstackCOMRAM 00001C
___fladd@bexp                                  cstackBANK0  0000D9
___fladd@grs                                   cstackBANK0  0000DA
___fladd@signs                                 cstackBANK0  0000D7
___flmul                                       text64       00153E
___flmul@a                                     cstackBANK0  0000E1
___flmul@aexp                                  cstackBANK0  0000E6
___flmul@b                                     cstackBANK0  0000DD
___flmul@bexp                                  cstackBANK0  0000EB
___flmul@grs                                   cstackBANK0  0000E7
___flmul@prod                                  cstackBANK0  0000EC
___flmul@sign                                  cstackBANK0  0000E5
___flmul@temp                                  cstackBANK0  0000F0
___flsub                                       text62       002D5A
___flsub@a                                     cstackBANK1  000104
___flsub@b                                     cstackBANK1  000100
___fltol                                       text61       001E98
___fltol@exp1                                  cstackBANK0  0000F7
___fltol@f1                                    cstackBANK0  0000F2
___fltol@sign1                                 cstackBANK0  0000F6
___heap_hi                                     (abs)        000000
___heap_lo                                     (abs)        000000
___inthi_sp                                    stack        000000
___inthi_stack_hi                              stack        000000
___inthi_stack_lo                              stack        000000
___intlo_sp                                    stack        000000
___intlo_stack_hi                              stack        000000
___intlo_stack_lo                              stack        000000
___param_bank                                  (abs)        000000
___rparam_used                                 (abs)        000001
___sp                                          stack        000000
___stack_hi                                    stack        000000
___stack_lo                                    stack        000000
___xxtofl                                      text60       001B32
___xxtofl@arg                                  cstackBANK0  0000D9
___xxtofl@exp                                  cstackBANK0  0000D8
___xxtofl@sign                                 cstackBANK0  0000D7
___xxtofl@val                                  cstackCOMRAM 00001C
__accesstop                                    (abs)        000060
__activetblptr                                 (abs)        000003
__end_of_ADC_DefaultInterruptHandler           text112      00348C
__end_of_ADC_GetConversion                     text65       002F1E
__end_of_ADC_ISR                               text111      003084
__end_of_ADC_Initialize                        text40       0031AA
__end_of_ADC_SetInterruptHandler               text41       0033DE
__end_of_EUSART_DefaultErrorHandler            text109      00344E
__end_of_EUSART_DefaultFramingErrorHandler     text108      00348A
__end_of_EUSART_DefaultOverrunErrorHandler     text107      003448
__end_of_EUSART_Initialize                     text34       002970
__end_of_EUSART_Receive_ISR                    text106      002340
__end_of_EUSART_RxDataHandler                  text110      003186
__end_of_EUSART_SetErrorHandler                text39       0033D4
__end_of_EUSART_SetFramingErrorHandler         text38       0033CA
__end_of_EUSART_SetOverrunErrorHandler         text37       0033C0
__end_of_EUSART_SetRxInterruptHandler          text36       0033B6
__end_of_EUSART_SetTxInterruptHandler          text35       0033AC
__end_of_EUSART_Transmit_ISR                   text105      002EE4
__end_of_EUSART_Write                          text9        002D0E
__end_of_I2C_CallbackReturnReset               text93       00347A
__end_of_I2C_CallbackReturnStop                text94       00347E
__end_of_I2C_Close                             text55       0030B0
__end_of_I2C_DO_ADDRESS_NACK                   text70       002BF6
__end_of_I2C_DO_IDLE                           text84       003398
__end_of_I2C_DO_RCEN                           text79       00338C
__end_of_I2C_DO_RESET                          text71       003380
__end_of_I2C_DO_RX                             text80       00248E
__end_of_I2C_DO_RX_ACK                         text74       003408
__end_of_I2C_DO_RX_NACK_RESTART                text72       0033F8
__end_of_I2C_DO_RX_NACK_STOP                   text73       003400
__end_of_I2C_DO_SEND_ADR_READ                  text83       003374
__end_of_I2C_DO_SEND_ADR_WRITE                 text82       003364
__end_of_I2C_DO_SEND_RESTART                   text76       003418
__end_of_I2C_DO_SEND_RESTART_READ              text78       003428
__end_of_I2C_DO_SEND_RESTART_WRITE             text77       003420
__end_of_I2C_DO_SEND_STOP                      text75       003410
__end_of_I2C_DO_TX                             text81       00212C
__end_of_I2C_DO_TX_EMPTY                       text85       002888
__end_of_I2C_Initialize                        text33       003340
__end_of_I2C_MasterClearIrq                    text58       003466
__end_of_I2C_MasterClose                       text57       003462
__end_of_I2C_MasterDisableIrq                  text56       00345E
__end_of_I2C_MasterEnableIrq                   text51       003456
__end_of_I2C_MasterEnableRestart               text104      003486
__end_of_I2C_MasterFsm                         text68       002ABE
__end_of_I2C_MasterGetRxData                   text90       003472
__end_of_I2C_MasterIsNack                      text87       003354
__end_of_I2C_MasterIsr                         text67       003436
__end_of_I2C_MasterOpen                        text50       003236
__end_of_I2C_MasterOperation                   text53       002EA8
__end_of_I2C_MasterSendAck                     text89       00343C
__end_of_I2C_MasterSendNack                    text91       003442
__end_of_I2C_MasterSendTxData                  text88       003430
__end_of_I2C_MasterSetIrq                      text86       00346E
__end_of_I2C_MasterStart                       text54       00345A
__end_of_I2C_MasterStartRx                     text92       003476
__end_of_I2C_MasterStop                        text103      003482
__end_of_I2C_MasterWrite                       text52       0033F0
__end_of_I2C_Open                              text48       00252C
__end_of_I2C_Read1ByteRegister                 text43       002A50
__end_of_I2C_SetAddressNackCallback            text46       0032D4
__end_of_I2C_SetBuffer                         text45       0031CE
__end_of_I2C_SetCallback                       text47       002B90
__end_of_I2C_SetDataCompleteCallback           text44       0032BC
__end_of_I2C_SetInterruptHandler               text49       0033E8
__end_of_INTERRUPT_Initialize                  text32       003452
__end_of_INTERRUPT_InterruptManager            intcode      00015A
__end_of_LDR_reading                           text59       0023E8
__end_of_OSCILLATOR_Initialize                 text31       0033A2
__end_of_PIN_MANAGER_Initialize                text30       003026
__end_of_Read_TC74                             text42       0032A4
__end_of_SYSTEM_Initialize                     text25       003254
__end_of_Send_String                           text8        002D5A
__end_of___awdiv                               text23       002068
__end_of___awmod                               text22       002296
__end_of___fladd                               text63       00153E
__end_of___flmul                               text64       00196A
__end_of___flsub                               text62       002DA2
__end_of___fltol                               text61       001FA4
__end_of___xxtofl                              text60       001CEA
__end_of__initialization                       cinit        00320A
__end_of_abs                                   text21       002FF4
__end_of_convert_uint8_to_string               text15       00265E
__end_of_fputc                                 text19       0021E6
__end_of_i2c_fsmStateTable                     smallconst   001021
__end_of_lcd_4bits_initialize                  text26       002CBC
__end_of_lcd_4bits_pos                         text14       0028FC
__end_of_lcd_4bits_send_char_data              text13       003270
__end_of_lcd_4bits_send_char_data_pos          text12       00332C
__end_of_lcd_4bits_send_command                text27       00328C
__end_of_lcd_4bits_send_enable                 text29       003318
__end_of_lcd_4bits_send_string_data_pos        text11       002B2A
__end_of_lcd_send_4bits                        text28       0029E0
__end_of_main                                  text0        001E98
__end_of_memset                                text24       003056
__end_of_print_HS1101_LCD                      text10       002FC0
__end_of_print_HS1101_uart                     text7        00280C
__end_of_print_bright_LCD                      text6        002F8A
__end_of_print_bright_uart                     text5        002780
__end_of_print_temp_LCD                        text4        002F54
__end_of_print_temp_uart                       text3        0026F4
__end_of_putch                                 text20       003488
__end_of_rd1RegCompleteHandler                 text98       003134
__end_of_rd2RegCompleteHandler                 text97       003108
__end_of_rdBlkRegCompleteHandler               text95       002E28
__end_of_read_HS1101_moist_percent             text2        0025C6
__end_of_sprintf                               text16       002E68
__end_of_uart_draw_borders                     text1        003302
__end_of_vfpfcnvrt                             text18       001B32
__end_of_vfprintf                              text17       002DE6
__end_of_wr1RegCompleteHandler                 text96       0030DC
__end_of_wr2RegCompleteHandler                 text99       003160
__end_ofi2_I2C_MasterClearIrq                  text69       00346A
__end_ofi2_I2C_SetBuffer                       text102      0031F2
__end_ofi2_I2C_SetCallback                     text101      002C5C
__end_ofi2_I2C_SetDataCompleteCallback         text100      0032EC
__initialization                               cinit        0031F2
__mediumconst                                  mediumconst  000000
__pbssBANK0                                    bssBANK0     000060
__pbssCOMRAM                                   bssCOMRAM    000028
__pcinit                                       cinit        0031F2
__pcstackBANK0                                 cstackBANK0  0000D7
__pcstackBANK1                                 cstackBANK1  000100
__pcstackCOMRAM                                cstackCOMRAM 000001
__pintcode                                     intcode      000008
__pnvBANK0                                     nvBANK0      0000F8
__pnvCOMRAM                                    nvCOMRAM     000040
__psmallconst                                  smallconst   001000
__ptext0                                       text0        001CEA
__ptext1                                       text1        0032EC
__ptext10                                      text10       002F8A
__ptext100                                     text100      0032D4
__ptext101                                     text101      002BF6
__ptext102                                     text102      0031CE
__ptext103                                     text103      00347E
__ptext104                                     text104      003482
__ptext105                                     text105      002EA8
__ptext106                                     text106      002296
__ptext107                                     text107      003442
__ptext108                                     text108      003488
__ptext109                                     text109      003448
__ptext11                                      text11       002ABE
__ptext110                                     text110      003160
__ptext111                                     text111      003056
__ptext112                                     text112      00348A
__ptext113                                     text113      000000
__ptext12                                      text12       003318
__ptext13                                      text13       003254
__ptext14                                      text14       002888
__ptext15                                      text15       0025C6
__ptext16                                      text16       002E28
__ptext17                                      text17       002DA2
__ptext18                                      text18       00196A
__ptext19                                      text19       00212C
__ptext2                                       text2        00252C
__ptext20                                      text20       003486
__ptext21                                      text21       002FC0
__ptext22                                      text22       0021E6
__ptext23                                      text23       001FA4
__ptext24                                      text24       003026
__ptext25                                      text25       003236
__ptext26                                      text26       002C5C
__ptext27                                      text27       003270
__ptext28                                      text28       002970
__ptext29                                      text29       003302
[...]
__ptext79                                      text79       003380
__ptext8                                       text8        002D0E
__ptext80                                      text80       0023E8
__ptext81                                      text81       002068
__ptext82                                      text82       003354
__ptext83                                      text83       003364
__ptext84                                      text84       00338C
__ptext85                                      text85       00280C
__ptext86                                      text86       00346A
__ptext87                                      text87       003340
__ptext88                                      text88       003428
__ptext89                                      text89       003436
__ptext9                                       text9        002CBC
__ptext90                                      text90       00346E
__ptext91                                      text91       00343C
__ptext92                                      text92       003472
__ptext93                                      text93       003476
__ptext94                                      text94       00347A
__ptext95                                      text95       002DE6
__ptext96                                      text96       0030B0
__ptext97                                      text97       0030DC
__ptext98                                      text98       003108
__ptext99                                      text99       003134
__ramtop                                       ramtop       001000
__smallconst                                   smallconst   001000
_abs                                           text21       002FC0
_bright                                        bssBANK0     0000C2
_brightness_array                              bssCOMRAM    000036
_convert_uint8_to_string                       text15       0025C6
_dbuf                                          bssBANK0     000084
_eusartRxBuffer                                bssBANK0     0000AC
_eusartRxCount                                 bssCOMRAM    000030
_eusartRxHead                                  bssCOMRAM    000032
_eusartRxLastError                             bssCOMRAM    00002F
_eusartRxStatusBuffer                          bssBANK0     0000A4
_eusartRxTail                                  bssCOMRAM    000031
_eusartTxBuffer                                bssBANK0     0000B4
_eusartTxBufferRemaining                       bssCOMRAM    000033
_eusartTxHead                                  bssCOMRAM    000035
_eusartTxTail                                  bssCOMRAM    000034
_flags                                         bssCOMRAM    00002E
_fputc                                         text19       00212C
_i2c_fsmStateTable                             smallconst   001001
_lcd_4bits_initialize                          text26       002C5C
_lcd_4bits_pos                                 text14       002888
_lcd_4bits_send_char_data                      text13       003254
_lcd_4bits_send_char_data_pos                  text12       003318
_lcd_4bits_send_command                        text27       003270
_lcd_4bits_send_enable                         text29       003302
_lcd_4bits_send_string_data_pos                text11       002ABE
_lcd_send_4bits                                text28       002970
_main                                          text0        001CEA
_memset                                        text24       003026
_moist                                         bssBANK0     0000C0
_moist_array                                   bssCOMRAM    00003B
_prec                                          bssCOMRAM    00002A
_print_HS1101_LCD                              text10       002F8A
_print_HS1101_uart                             text7        002780
_print_bright_LCD                              text6        002F54
_print_bright_uart                             text5        0026F4
_print_temp_LCD                                text4        002F1E
_print_temp_uart                               text3        00265E
_putch                                         text20       003486
_rd1RegCompleteHandler                         text98       003108
_rd2RegCompleteHandler                         text97       0030DC
_rdBlkRegCompleteHandler                       text95       002DE6
_read_HS1101_moist_percent                     text2        00252C
_sprintf                                       text16       002E28
_temp_array                                    bssBANK0     0000C5
_temperature                                   bssBANK0     0000C4
_uart_draw_borders                             text1        0032EC
_value_array                                   bssBANK0     0000D3
_value_array@LDR$F189                          bssBANK0     0000CF
_value_array@TC74$F213                         bssBANK0     0000CB
_vfpfcnvrt                                     text18       00196A
_vfprintf                                      text17       002DA2
_width                                         bssCOMRAM    000028
_wr1RegCompleteHandler                         text96       0030B0
_wr2RegCompleteHandler                         text99       003134
abs@a                                          cstackCOMRAM 000022
btemp                                          temp         000044
convert_uint8_to_string@TempStr                cstackBANK1  000101
convert_uint8_to_string@data                   cstackBANK1  000105
convert_uint8_to_string@str                    cstackBANK0  0000F6
convert_uint8_to_string@value                  cstackBANK1  000100
end_of_initialization                          cinit        00320A
fputc@c                                        cstackCOMRAM 00001C
fputc@fp                                       cstackCOMRAM 00001E
i2I2C_SetBuffer@buffer                         cstackCOMRAM 000001
i2I2C_SetBuffer@bufferSize                     cstackCOMRAM 000003
i2I2C_SetCallback@cb                           cstackCOMRAM 000001
i2I2C_SetCallback@idx                          cstackCOMRAM 000005
i2I2C_SetCallback@ptr                          cstackCOMRAM 000003
i2I2C_SetDataCompleteCallback@cb               cstackCOMRAM 000006
i2I2C_SetDataCompleteCallback@ptr              cstackCOMRAM 000008
i2_I2C_MasterClearIrq                          text69       003466
i2_I2C_SetBuffer                               text102      0031CE
i2_I2C_SetCallback                             text101      002BF6
i2_I2C_SetDataCompleteCallback                 text100      0032D4
int$flags                                      temp         000044
intlevel0                                      text         000000
intlevel1                                      text         000000
intlevel2                                      text         000000
intlevel3                                      text         000000
isa$std                                        (abs)        000001
isa$xinst                                      (abs)        000000
lcd_4bits_pos@column                           cstackCOMRAM 00001F
lcd_4bits_pos@row                              cstackCOMRAM 000022
lcd_4bits_send_char_data@chr                   cstackCOMRAM 00001E
lcd_4bits_send_char_data_pos@chr               cstackCOMRAM 000025
lcd_4bits_send_char_data_pos@col               cstackCOMRAM 000024
lcd_4bits_send_char_data_pos@row               cstackCOMRAM 000023
lcd_4bits_send_command@command                 cstackCOMRAM 00001E
lcd_4bits_send_string_data_pos@col             cstackCOMRAM 000026
lcd_4bits_send_string_data_pos@row             cstackCOMRAM 000025
lcd_4bits_send_string_data_pos@str             cstackCOMRAM 000023
lcd_send_4bits@data                            cstackCOMRAM 00001D
memset@c                                       cstackCOMRAM 00001D
memset@dest                                    cstackCOMRAM 00001C
memset@n                                       cstackCOMRAM 00001F
memset@p                                       cstackCOMRAM 000021
print_HS1101_LCD@column                        cstackBANK1  000107
print_HS1101_LCD@row                           cstackBANK1  000106
print_HS1101_LCD@value                         cstackBANK0  0000F7
print_HS1101_uart@value                        cstackCOMRAM 000024
print_bright_LCD@column                        cstackBANK1  000107
print_bright_LCD@row                           cstackBANK1  000106
print_bright_LCD@value                         cstackBANK0  0000F7
print_bright_uart@value                        cstackCOMRAM 000024
print_temp_LCD@column                          cstackBANK1  000107
print_temp_LCD@row                             cstackBANK1  000106
print_temp_LCD@value                           cstackBANK0  0000F7
print_temp_uart@value                          cstackCOMRAM 000024
rd1RegCompleteHandler@ptr                      cstackCOMRAM 00000A
rd2RegCompleteHandler@ptr                      cstackCOMRAM 00000A
rdBlkRegCompleteHandler@ptr                    cstackCOMRAM 00000A
read_HS1101_moist_percent@AN_channel           cstackBANK1  00010E
read_HS1101_moist_percent@moist                cstackBANK1  00010F
sprintf@ap                                     cstackBANK0  0000E9
sprintf@f                                      cstackBANK0  0000EA
sprintf@fmt                                    cstackBANK0  0000E6
sprintf@s                                      cstackBANK0  0000E4
stackhi                                        (abs)        000000
stacklo                                        (abs)        000000
start                                          init         00015A
start_initialization                           cinit        0031F2
ttemp5                                         temp         000045
ttemp6                                         temp         000048
ttemp7                                         temp         00004C
vfpfcnvrt@ap                                   cstackBANK0  0000D9
vfpfcnvrt@c                                    cstackBANK0  0000E0
vfpfcnvrt@convarg                              cstackBANK0  0000DC
vfpfcnvrt@cp                                   cstackBANK0  0000DB
vfpfcnvrt@done                                 cstackBANK0  0000DA
vfpfcnvrt@fmt                                  cstackBANK0  0000D8
vfpfcnvrt@fp                                   cstackBANK0  0000D7
vfprintf@ap                                    cstackBANK0  0000E3
vfprintf@cfmt                                  cstackCOMRAM 000027
vfprintf@fmt                                   cstackBANK0  0000E2
vfprintf@fp                                    cstackBANK0  0000E1
wr1RegCompleteHandler@ptr                      cstackCOMRAM 00000A
wr2RegCompleteHandler@ptr                      cstackCOMRAM 00000A
wtemp8                                         temp         000045


MODULE INFORMATION

Module		Function		Class		Link	Load	Size
ECUAL/Char_LCD/char_lcd.c
		_lcd_4bits_send_string_data_pos		CODE           	2ABE	0000	108
		_lcd_4bits_initialize		CODE           	2C5C	0000	96
		_lcd_send_4bits		CODE           	2970	0000	112
		_lcd_4bits_send_char_data		CODE           	3254	0000	28
		_lcd_4bits_send_char_data_pos		CODE           	3318	0000	20
		_lcd_4bits_send_command		CODE           	3270	0000	28
		_lcd_4bits_pos 		CODE           	2888	0000	116
		_lcd_4bits_send_enable		CODE           	3302	0000	22
		_convert_uint8_to_string		CODE           	25C6	0000	152

ECUAL/Char_LCD/char_lcd.c estimated size: 682

mcc_generated_files/interrupt_manager.c
		_INTERRUPT_Initialize		CODE           	344E	0000	4
		_INTERRUPT_InterruptManager		CODE           	0008	0000	338

mcc_generated_files/interrupt_manager.c estimated size: 342

mcc_generated_files/examples/i2c_master_example.c
		_wr1RegCompleteHandler		CODE           	30B0	0000	44
		_wr2RegCompleteHandler		CODE           	3134	0000	44
		_I2C_Read1ByteRegister		CODE           	29E0	0000	112
		_rdBlkRegCompleteHandler		CODE           	2DE6	0000	66
		_rd1RegCompleteHandler		CODE           	3108	0000	44
		_rd2RegCompleteHandler		CODE           	30DC	0000	44

mcc_generated_files/examples/i2c_master_example.c estimated size: 354

ECUAL/LDR/LDR.c
		_LDR_reading   		CODE           	2340	0000	168
		_print_bright_uart		CODE           	26F4	0000	140
		_print_bright_LCD		CODE           	2F54	0000	54

ECUAL/LDR/LDR.c estimated size: 362

ECUAL/HS1101/HS1101.c
		_print_HS1101_uart		CODE           	2780	0000	140
		_read_HS1101_moist_percent		CODE           	252C	0000	154
		_print_HS1101_LCD		CODE           	2F8A	0000	54

ECUAL/HS1101/HS1101.c estimated size: 348

mcc_generated_files/pin_manager.c
		_PIN_MANAGER_Initialize		CODE           	2FF4	0000	50

mcc_generated_files/pin_manager.c estimated size: 50

ECUAL/UART_Debug/uart_debug.c
		_Send_String   		CODE           	2D0E	0000	76

ECUAL/UART_Debug/uart_debug.c estimated size: 76

mcc_generated_files/adc.c
		_ADC_DefaultInterruptHandler		CODE           	348A	0000	2
		_ADC_Initialize		CODE           	3186	0000	36
		_ADC_SetInterruptHandler		CODE           	33D4	0000	10
		_ADC_GetConversion		CODE           	2EE4	0000	58
		_ADC_ISR       		CODE           	3056	0000	46

mcc_generated_files/adc.c estimated size: 152

C:\Program Files\Microchip\xc8\v2.45\pic\sources\c99\common\sprcmul.c
		___flmul       		CODE           	153E	0000	1068

C:\Program Files\Microchip\xc8\v2.45\pic\sources\c99\common\sprcmul.c estimated size: 1068

C:\Program Files\Microchip\xc8\v2.45\pic\sources\c99\common\nf_sprintf.c
		_sprintf       		CODE           	2E28	0000	64

C:\Program Files\Microchip\xc8\v2.45\pic\sources\c99\common\nf_sprintf.c estimated size: 64

C:\Program Files\Microchip\xc8\v2.45\pic\sources\c99\common\awmod.c
		___awmod       		CODE           	21E6	0000	176

C:\Program Files\Microchip\xc8\v2.45\pic\sources\c99\common\awmod.c estimated size: 176

C:\Program Files\Microchip\xc8\v2.45\pic\sources\c99\common\putch.c
		_putch         		CODE           	3486	0000	2

C:\Program Files\Microchip\xc8\v2.45\pic\sources\c99\common\putch.c estimated size: 2

shared
		i2_I2C_SetBuffer		CODE           	31CE	0000	36
		__initialization		CODE           	31F2	0000	24
		i2_I2C_SetCallback		CODE           	2BF6	0000	102
		i2_I2C_SetDataCompleteCallback		CODE           	32D4	0000	24
		i2_I2C_MasterClearIrq		CODE           	3466	0000	4
		_i2c_fsmStateTable		SMALLCONST     	1001	0000	32

shared estimated size: 222

C:\Program Files\Microchip\xc8\v2.45\pic\sources\c99\common\xxtofl.c
		___xxtofl      		CODE           	1B32	0000	440

C:\Program Files\Microchip\xc8\v2.45\pic\sources\c99\common\xxtofl.c estimated size: 440

C:\Program Files\Microchip\xc8\v2.45\pic\sources\c99\common\abs.c
		_abs           		CODE           	2FC0	0000	52

C:\Program Files\Microchip\xc8\v2.45\pic\sources\c99\common\abs.c estimated size: 52

mcc_generated_files/mcc.c
		_OSCILLATOR_Initialize		CODE           	3398	0000	10
		_SYSTEM_Initialize		CODE           	3236	0000	30

mcc_generated_files/mcc.c estimated size: 40

C:\Program Files\Microchip\xc8\v2.45\pic\sources\c99\common\memset.c
		_memset        		CODE           	3026	0000	48

C:\Program Files\Microchip\xc8\v2.45\pic\sources\c99\common\memset.c estimated size: 48

mcc_generated_files/i2c_master.c
		_I2C_Close     		CODE           	3084	0000	44
		_I2C_MasterStartRx		CODE           	3472	0000	4
		_I2C_DO_SEND_ADR_WRITE		CODE           	3354	0000	16
		_I2C_DO_SEND_STOP		CODE           	3408	0000	8
		_I2C_MasterSendNack		CODE           	343C	0000	6
		_I2C_MasterDisableIrq		CODE           	345A	0000	4
		_I2C_CallbackReturnStop		CODE           	347A	0000	4
		_I2C_MasterOperation		CODE           	2E68	0000	64
		_I2C_DO_SEND_ADR_READ		CODE           	3364	0000	16
		_I2C_DO_RX_NACK_STOP		CODE           	33F8	0000	8
		_I2C_DO_SEND_RESTART		CODE           	3410	0000	8
		_I2C_DO_RX     		CODE           	23E8	0000	166
		_I2C_DO_TX     		CODE           	2068	0000	196
		_I2C_DO_IDLE   		CODE           	338C	0000	12
		_I2C_DO_RCEN   		CODE           	3380	0000	12
		_I2C_DO_RESET  		CODE           	3374	0000	12
		_I2C_MasterClose		CODE           	345E	0000	4
		_I2C_MasterWrite		CODE           	33E8	0000	8
		_I2C_DO_RX_ACK 		CODE           	3400	0000	8
		_I2C_MasterStart		CODE           	3456	0000	4
		_I2C_MasterClearIrq		CODE           	3462	0000	4
		_I2C_MasterGetRxData		CODE           	346E	0000	4
		_I2C_SetCallback		CODE           	2B2A	0000	102
		_I2C_DO_ADDRESS_NACK		CODE           	2B90	0000	102
		_I2C_MasterEnableRestart		CODE           	3482	0000	4
		_I2C_CallbackReturnReset		CODE           	3476	0000	4
		_I2C_Open      		CODE           	248E	0000	158
		_I2C_SetAddressNackCallback		CODE           	32BC	0000	24
		_I2C_DO_TX_EMPTY		CODE           	280C	0000	124
		_I2C_DO_SEND_RESTART_WRITE		CODE           	3418	0000	8
		_I2C_MasterIsNack		CODE           	3340	0000	20
		_I2C_SetDataCompleteCallback		CODE           	32A4	0000	24
		_I2C_DO_RX_NACK_RESTART		CODE           	33F0	0000	8
		_I2C_MasterSendAck		CODE           	3436	0000	6
		_I2C_MasterFsm 		CODE           	2A50	0000	110
		_I2C_MasterIsr 		CODE           	3430	0000	6
		_I2C_MasterSetIrq		CODE           	346A	0000	4
		_I2C_DO_SEND_RESTART_READ		CODE           	3420	0000	8
		_I2C_MasterEnableIrq		CODE           	3452	0000	4
		_I2C_Initialize		CODE           	332C	0000	20
		_I2C_SetBuffer 		CODE           	31AA	0000	36
		_I2C_SetInterruptHandler		CODE           	33DE	0000	10
		_I2C_MasterOpen		CODE           	3214	0000	34
		_I2C_MasterSendTxData		CODE           	3428	0000	8
		_I2C_MasterStop		CODE           	347E	0000	4

mcc_generated_files/i2c_master.c estimated size: 1440

C:\Program Files\Microchip\xc8\v2.45\pic\sources\c99\common\sprcadd.c
		___flsub       		CODE           	2D5A	0000	72
		___fladd       		CODE           	107C	0000	1218

C:\Program Files\Microchip\xc8\v2.45\pic\sources\c99\common\sprcadd.c estimated size: 1290

mcc_generated_files/eusart.c
		_EUSART_SetRxInterruptHandler		CODE           	33AC	0000	10
		_EUSART_SetTxInterruptHandler		CODE           	33A2	0000	10
		_EUSART_DefaultOverrunErrorHandler		CODE           	3442	0000	6
		_EUSART_Write  		CODE           	2CBC	0000	82
		_EUSART_DefaultErrorHandler		CODE           	3448	0000	6
		_EUSART_Transmit_ISR		CODE           	2EA8	0000	60
		_EUSART_Initialize		CODE           	28FC	0000	116
		_EUSART_SetFramingErrorHandler		CODE           	33C0	0000	10
		_EUSART_SetErrorHandler		CODE           	33CA	0000	10
		_EUSART_SetOverrunErrorHandler		CODE           	33B6	0000	10
		_EUSART_Receive_ISR		CODE           	2296	0000	170
		_EUSART_RxDataHandler		CODE           	3160	0000	38
		_EUSART_DefaultFramingErrorHandler		CODE           	3488	0000	2

mcc_generated_files/eusart.c estimated size: 530

ECUAL/TC74/TC74.c
		_Read_TC74     		CODE           	328C	0000	24
		_print_temp_LCD		CODE           	2F1E	0000	54
		_print_temp_uart		CODE           	265E	0000	150

ECUAL/TC74/TC74.c estimated size: 228

main.c
		_main          		CODE           	1CEA	0000	430
		_uart_draw_borders		CODE           	32EC	0000	22

main.c estimated size: 452

C:\Program Files\Microchip\xc8\v2.45\pic\sources\c99\common\nf_fputc.c
		_fputc         		CODE           	212C	0000	186

C:\Program Files\Microchip\xc8\v2.45\pic\sources\c99\common\nf_fputc.c estimated size: 186

C:\Program Files\Microchip\xc8\v2.45\pic\sources\c99\common\doprnt.c
		_vfpfcnvrt     		CODE           	196A	0000	456
		_vfprintf      		CODE           	2DA2	0000	68

C:\Program Files\Microchip\xc8\v2.45\pic\sources\c99\common\doprnt.c estimated size: 524

C:\Program Files\Microchip\xc8\v2.45\pic\sources\c99\common\awdiv.c
		___awdiv       		CODE           	1FA4	0000	196

C:\Program Files\Microchip\xc8\v2.45\pic\sources\c99\common\awdiv.c estimated size: 196

C:\Program Files\Microchip\xc8\v2.45\pic\sources\c99\common\fltol.c
		___fltol       		CODE           	1E98	0000	268

C:\Program Files\Microchip\xc8\v2.45\pic\sources\c99\common\fltol.c estimated size: 268

